// Jest Snapshot v1, https://goo.gl/fbAQLP

exports[`Tests for Footer Component Footer should match snapshot 1`] = `
Object {
  "asFragment": [Function],
  "baseElement": <body>
    <div>
      <footer
        class="p-4 bg-white rounded-lg shadow md:flex md:items-center md:justify-between md:p-6 dark:bg-gray-900 bottom-0 w-full"
      >
        <span
          class="text-sm text-gray-500 sm:text-center dark:text-gray-400"
        >
          © 2022 
          <a>
            Chitter™
          </a>
          . All Rights Reserved.
        </span>
        <ul
          class="flex flex-wrap items-center mt-3 text-sm text-gray-500 dark:text-gray-400 sm:mt-0"
        >
          <li>
            <a
              class="mr-4 hover:underline md:mr-6 "
              href="#"
            >
              About
            </a>
          </li>
          <li>
            <a
              class="mr-4 hover:underline md:mr-6"
              href="#"
            >
              Privacy Policy
            </a>
          </li>
          <li>
            <a
              class="mr-4 hover:underline md:mr-6"
              href="#"
            >
              Licensing
            </a>
          </li>
          <li>
            <a
              class="hover:underline"
              href="#"
            >
              Contact
            </a>
          </li>
        </ul>
      </footer>
    </div>
  </body>,
  "container": <div>
    <footer
      class="p-4 bg-white rounded-lg shadow md:flex md:items-center md:justify-between md:p-6 dark:bg-gray-900 bottom-0 w-full"
    >
      <span
        class="text-sm text-gray-500 sm:text-center dark:text-gray-400"
      >
        © 2022 
        <a>
          Chitter™
        </a>
        . All Rights Reserved.
      </span>
      <ul
        class="flex flex-wrap items-center mt-3 text-sm text-gray-500 dark:text-gray-400 sm:mt-0"
      >
        <li>
          <a
            class="mr-4 hover:underline md:mr-6 "
            href="#"
          >
            About
          </a>
        </li>
        <li>
          <a
            class="mr-4 hover:underline md:mr-6"
            href="#"
          >
            Privacy Policy
          </a>
        </li>
        <li>
          <a
            class="mr-4 hover:underline md:mr-6"
            href="#"
          >
            Licensing
          </a>
        </li>
        <li>
          <a
            class="hover:underline"
            href="#"
          >
            Contact
          </a>
        </li>
      </ul>
    </footer>
  </div>,
  "debug": [Function],
  "findAllByAltText": [Function],
  "findAllByDisplayValue": [Function],
  "findAllByLabelText": [Function],
  "findAllByPlaceholderText": [Function],
  "findAllByRole": [Function],
  "findAllByTestId": [Function],
  "findAllByText": [Function],
  "findAllByTitle": [Function],
  "findByAltText": [Function],
  "findByDisplayValue": [Function],
  "findByLabelText": [Function],
  "findByPlaceholderText": [Function],
  "findByRole": [Function],
  "findByTestId": [Function],
  "findByText": [Function],
  "findByTitle": [Function],
  "getAllByAltText": [Function],
  "getAllByDisplayValue": [Function],
  "getAllByLabelText": [Function],
  "getAllByPlaceholderText": [Function],
  "getAllByRole": [Function],
  "getAllByTestId": [Function],
  "getAllByText": [Function],
  "getAllByTitle": [Function],
  "getByAltText": [Function],
  "getByDisplayValue": [Function],
  "getByLabelText": [Function],
  "getByPlaceholderText": [Function],
  "getByRole": [Function],
  "getByTestId": [Function],
  "getByText": [Function],
  "getByTitle": [Function],
  "queryAllByAltText": [Function],
  "queryAllByDisplayValue": [Function],
  "queryAllByLabelText": [Function],
  "queryAllByPlaceholderText": [Function],
  "queryAllByRole": [Function],
  "queryAllByTestId": [Function],
  "queryAllByText": [Function],
  "queryAllByTitle": [Function],
  "queryByAltText": [Function],
  "queryByDisplayValue": [Function],
  "queryByLabelText": [Function],
  "queryByPlaceholderText": [Function],
  "queryByRole": [Function],
  "queryByTestId": [Function],
  "queryByText": [Function],
  "queryByTitle": [Function],
  "rerender": [Function],
  "unmount": [Function],
}
`;
